IPL g05c44be
D-15
SPI 54M
64MB
BIST0_0001-OK
[SPI_NOR]
MXP found at 0x0000f000
offset:00007000
Checksum OK

IPL_CUST g05c44be
runUBOOT()
[SPI_NOR]
MXP found at 0x0000f000
offset:00020000
 -Decompress BDMA XZ
 -Decompress BDMA XZ
XZ decomp_size=0x00049be4
 pvLoadAddr:23d00000
 pvRunAddr:23e00000
 -Verify CRC32 passed!
  decomp_size=0x00000000
Disable MMU and D-cache before jump to UBOOT▒

U-Boot 2015.01 (Nov 24 2022 - 17:53:59)

Version: I6g#######
I2C:   ready
DRAM:
WARNING: Caches not enabled
MMC:   MStar SD/MMC: 0
nor_flash_mxp allocated success!!
Flash is detected (0x0B03, 0xC8, 0x40, 0x17)
SF: Detected nor0 with total size 8 MiB
MXP found at mxp_offset[2]=0x0000F000, size=0x1000
env_offset=0x3F000 env_size=0x1000
Flash is detected (0x0B03, 0xC8, 0x40, 0x17)
SF: Detected nor0 with total size 8 MiB
In:    serial
Out:   serial
Err:   serial
Net:   MAC Address 00:00:B4:67:B7:76
Auto-Negotiation...
Link Status Speed:100 Full-duplex:1
sstar_emac
reset key up !!!
Init wifi gpio
run sdstar
_[sdmmc_0] Card Detect Fail!
** Bad device mmc 0 **
aj_update_by_sdcard(dev=0, partion=0, ret=0)
_[sdmmc_0] Card Detect Fail!
** Bad device mmc 0 **
aj_update_by_sdcard(dev=0, partion=1, ret=0)
MMC Device 1 not found
** Bad device mmc 1 **
aj_update_by_sdcard(dev=1, partion=0, ret=0)
MMC Device 1 not found
** Bad device mmc 1 **
aj_update_by_sdcard(dev=1, partion=1, ret=0)
run udpbc
uuid 0x850e 0xcf26 0x88a7
uuid 0x850e 0xcf26 0x88a7 150254316324110
Flash is detected (0x0B03, 0xC8, 0x40, 0x17)
SF: Detected nor0 with total size 8 MiB
SPI flash sector read 64 return 0
anjvision_autoupdate::MC200J6_V0
uuid = 150254316324110
setenv ipaddr 192.168.1.167   --> return 0
macaddr 86 0e cf 26 88 a7
MAC Address 86:0E:CF:26:88:A7
MSJ10_V1: Send upgrade request, ready to receive...
uboot net upgrade timeout
Flash is detected (0x0B03, 0xC8, 0x40, 0x17)
SF: Detected nor0 with total size 8 MiB
SF: 1835008 bytes @ 0x40000 Read: OK
##  Booting kernel from Legacy Image at 21000000 ...
   Image Name:   MVX4##I6B0g#######KL_LX409##[BR:
   Image Type:   ARM Linux Kernel Image (lzma compressed)
   Data Size:    1597176 Bytes = 1.5 MiB
   Load Address: 20008000
   Entry Point:  20008000
   Verifying Checksum ... OK
   Uncompressing Kernel Image ...
[XZ] !!!reserved 0x21000000 length=0x 1000000 for xz!!
   XZ: uncompressed size=0x33a000, ret=7
OK
atags:0x20000000

Starting kernel ...

Booting Linux on physical CPU 0x0
Linux version 4.9.84 (root@ubuntu) (gcc version 4.9.4 (Buildroot 2017.08-g239d7d0) ) #117 PREEMPT Fri Feb 5 11:24:04 CST 2021
CPU: ARMv7 Processor [410fc075] revision 5 (ARMv7), cr=50c53c7d
CPU: div instructions available: patching division code
CPU: PIPT / VIPT nonaliasing data cache, VIPT aliasing instruction cache
early_atags_to_fdt() success
OF: fdt:Machine model: INFINITY6B0 SSC009A-S01A QFN88
[ERR] LX_MEM, LX_MEM2, LX_MEM3 not 1MB aligned
LXmem is 0x3fe0000 PHYS_OFFSET is 0x20000000
Add mem start 0x20000000 size 0x3fe0000!!!!

LX_MEM  = 0x20000000, 0x3fe0000
LX_MEM2 = 0x0, 0x0
LX_MEM3 = 0x0, 0x0
EMAC_LEN= 0x0
DRAM_LEN= 0x0
deal_with_reserve_mma_heap memblock_reserve success mma_config[0].reserved_start=
0x22ab4000

cma: Reserved 2 MiB at 0x22800000
Memory policy: Data cache writeback
CPU: All CPU(s) started in SVC mode.
Built 1 zonelists in Zone order, mobility grouping on.  Total pages: 10846
Kernel command line: console=ttyS0,115200 root=/dev/mtdblock2 rootfstype=squashfs ro init=/linuxrc LX_MEM=0x3fe0000 mma_heap=mma_heap_name0,miu=0,sz=0x152C000 mma_memblock_remove=1
PID hash table entries: 256 (order: -2, 1024 bytes)
Dentry cache hash table entries: 8192 (order: 3, 32768 bytes)
Inode-cache hash table entries: 4096 (order: 2, 16384 bytes)
Memory: 37620K/43728K available (1888K kernel code, 203K rwdata, 996K rodata, 96K init, 137K bss, 4060K reserved, 2048K cma-reserved)
Virtual kernel memory layout:
    vector  : 0xffff0000 - 0xffff1000   (   4 kB)
    fixmap  : 0xffc00000 - 0xfff00000   (3072 kB)
    vmalloc : 0xc3000000 - 0xff800000   ( 968 MB)
    lowmem  : 0xc0000000 - 0xc2ab4000   (  42 MB)
    modules : 0xbf800000 - 0xc0000000   (   8 MB)
      .text : 0xc0008000 - 0xc01e0470   (1890 kB)
      .init : 0xc02f6000 - 0xc030e000   (  96 kB)
      .data : 0xc030e000 - 0xc0340f18   ( 204 kB)
       .bss : 0xc0342000 - 0xc03646b4   ( 138 kB)
SLUB: HWalign=64, Order=0-3, MinObjects=0, CPUs=1, Nodes=1
Preemptible hierarchical RCU implementation.
        Build-time adjustment of leaf fanout to 32.
NR_IRQS:16 nr_irqs:16 16
ms_init_main_intc: np->name=ms_main_intc, parent=gic
ms_init_pm_intc: np->name=ms_pm_intc, parent=ms_main_intc
ss_init_gpi_intc: np->name=ms_gpi_intc, parent=ms_main_intc
Find CLK_cpupll_clk, hook ms_cpuclk_ops
arm_arch_timer: Architected cp15 timer(s) running at 6.00MHz (virt).
clocksource: arch_sys_counter: mask: 0xffffffffffffff max_cycles: 0x1623fa770, max_idle_ns: 440795202238 ns
sched_clock: 56 bits at 6MHz, resolution 166ns, wraps every 4398046511055ns
Switching to timer-based delay loop, resolution 166ns
console [ttyS0] enabled
Calibrating delay loop (skipped), value calculated using timer frequency.. 12.00 BogoMIPS (lpj=60000)
pid_max: default: 4096 minimum: 301
Mount-cache hash table entries: 1024 (order: 0, 4096 bytes)
Mountpoint-cache hash table entries: 1024 (order: 0, 4096 bytes)
CPU: Testing write buffer coherency: ok
Setting up static identity map for 0x200081c0 - 0x200081f0
devtmpfs: initialized
VFP support v0.3: implementor 41 architecture 2 part 30 variant 7 rev 5
clocksource: jiffies: mask: 0xffffffff max_cycles: 0xffffffff, max_idle_ns: 19112604462750000 ns
futex hash table entries: 16 (order: -4, 448 bytes)
NET: Registered protocol family 16
DMA: preallocated 256 KiB pool for atomic coherent allocations


Version : MVX4##I6B0g#######KL_LX409##[BR:g]#XVM

GPIO: probe end[ss_gpi_intc_domain_alloc] hw:42 -> v:49
[MS_PM_INTC] hw:20 -> v:52
hw-breakpoint: found 5 (+1 reserved) breakpoint and 4 watchpoint registers.
hw-breakpoint: maximum watchpoint size is 8 bytes.
clocksource: Switched to clocksource arch_sys_counter
NET: Registered protocol family 2
TCP established hash table entries: 1024 (order: 0, 4096 bytes)
TCP bind hash table entries: 1024 (order: 2, 20480 bytes)
TCP: Hash tables configured (established 1024 bind 1024)
UDP hash table entries: 128 (order: 0, 6144 bytes)
UDP-Lite hash table entries: 128 (order: 0, 6144 bytes)
NET: Registered protocol family 1
hw perfevents: enabled with armv7_cortex_a7 PMU driver, 5 counters available
workingset: timestamp_bits=30 max_order=14 bucket_order=0
squashfs: version 4.0 (2009/01/31) Phillip Lougher
jffs2: version 2.2. © 2001-2006 Red Hat, Inc.
io scheduler noop registered
io scheduler deadline registered (default)
[Padmux]reset PAD61(reg 0xe00:1c; mask0x10) t0 GPIO (org: PM_IRIN_MODE)
[Padmux]reset PAD46(reg 0x101e00:f; mask0x3) t0 GPIO (org: EJ_MODE_2)
335 set wifi to low
335 set wifi to high
IRLED driver v2.0  2021025
libphy: Fixed MDIO Bus: probed
i2c /dev entries driver
1f221000.uart0: ttyS0 at MMIO 0x0 (irq = 37, base_baud = 10800000) is a unknown
1f221200.uart1: ttyS1 at MMIO 0x0 (irq = 38, base_baud = 10800000) is a unknown
1f220400.uart2: ttyS2 at MMIO 0x0 (irq = 39, base_baud = 10800000) is a unknown
>> [sdmmc] ms_sdmmc_probe
[Padmux]reset PAD60(reg 0xe00:28; mask0x4000) t0 GPIO (org: PM_SD_CDZ_MODE)
[Padmux]reset PAD54(reg 0x101e00:8; mask0xc) t0 GPIO (org: SD_MODE)
>> [sdmmc_0] Probe Platform Devices
MSYS: DMEM request: [emac0_buff]:0x00000812
MSYS: DMEM request: [emac0_buff]:0x00000812 success, CPU phy:@0x22843000, virt:@0xC2843000
libphy: mdio: probed
mdio_bus mdio-bus@emac0: /soc/emac0/mdio-bus/ethernet-phy@0 has invalid PHY address
mdio_bus mdio-bus@emac0: scan phy ethernet-phy at address 0
mdio_bus mdio-bus@emac0: scan phy ethernet-phy at address 1
mdio_bus mdio-bus@emac0: scan phy ethernet-phy at address 2
mdio_bus mdio-bus@emac0: scan phy ethernet-phy at address 3
mdio_bus mdio-bus@emac0: scan phy ethernet-phy at address 4
mdio_bus mdio-bus@emac0: scan phy ethernet-phy at address 5
mdio_bus mdio-bus@emac0: scan phy ethernet-phy at address 6
mdio_bus mdio-bus@emac0: scan phy ethernet-phy at address 7
mdio_bus mdio-bus@emac0: scan phy ethernet-phy at address 8
mdio_bus mdio-bus@emac0: scan phy ethernet-phy at address 9
mdio_bus mdio-bus@emac0: scan phy ethernet-phy at address 10
mdio_bus mdio-bus@emac0: scan phy ethernet-phy at address 11
mdio_bus mdio-bus@emac0: scan phy ethernet-phy at address 12
mdio_bus mdio-bus@emac0: scan phy ethernet-phy at address 13
mdio_bus mdio-bus@emac0: scan phy ethernet-phy at address 14
mdio_bus mdio-bus@emac0: scan phy ethernet-phy at address 15
mdio_bus mdio-bus@emac0: scan phy ethernet-phy at address 16
mdio_bus mdio-bus@emac0: scan phy ethernet-phy at address 17
mdio_bus mdio-bus@emac0: scan phy ethernet-phy at address 18
mdio_bus mdio-bus@emac0: scan phy ethernet-phy at address 19
mdio_bus mdio-bus@emac0: scan phy ethernet-phy at address 20
mdio_bus mdio-bus@emac0: scan phy ethernet-phy at address 21
mdio_bus mdio-bus@emac0: scan phy ethernet-phy at address 22
mdio_bus mdio-bus@emac0: scan phy ethernet-phy at address 23
mdio_bus mdio-bus@emac0: scan phy ethernet-phy at address 24
mdio_bus mdio-bus@emac0: scan phy ethernet-phy at address 25
mdio_bus mdio-bus@emac0: scan phy ethernet-phy at address 26
mdio_bus mdio-bus@emac0: scan phy ethernet-phy at address 27
mdio_bus mdio-bus@emac0: scan phy ethernet-phy at address 28
mdio_bus mdio-bus@emac0: scan phy ethernet-phy at address 29
mdio_bus mdio-bus@emac0: scan phy ethernet-phy at address 30
mdio_bus mdio-bus@emac0: scan phy ethernet-phy at address 31
[emac_phy_connect][3306] connected mac emac0 to PHY at mdio-bus@emac0:00 [uid=11112222, driver=SStar 10/100 Ethernet Phy]
ms_rtcpwc 1f006800.rtcpwc: rtc core: registered 1f006800.rtcpwc as rtc0
[gpioi2c] sda-gpio=8, scl-gpio=9
MSYS: DMEM request: [BDMA_FSP_WBUFF]:0x00010040
MSYS: DMEM request: [BDMA_FSP_WBUFF]:0x00010040 success, CPU phy:@0x22850000, virt:@0xC2850000
[Ser flash] phys=0x22850000, virt=0xc2850000, bus=0x02850000 len:0x10040
[FSP] Flash is detected (0x0B03, 0xC8, 0x40, 0x17) ver1.1
[FSP] 1-1-4 QUAD_READ MODE
mtd .name = NOR_FLASH, .size = 0x00800000 (8MiB)
 .erasesize = 0x00010000 .numeraseregions = 0
MXP_PARTS!!
MXP found at mxp_offset[2]=0x0000F000, size=0x1000
Creating 5 MTD partitions on "NOR_FLASH":
0x000000000000-0x000000020000 : "BOOT"
0x000000040000-0x0000001d0000 : "KERNEL"
0x0000001d0000-0x0000007b0000 : "SYSTEM"
0x000000020000-0x000000040000 : "UBOOT"
0x0000007b0000-0x000000800000 : "DATA"
MSYS: DMEM request: [AESDMA_ENG]:0x00001000
MSYS: DMEM request: [AESDMA_ENG]:0x00001000 success, CPU phy:@0x22844000, virt:@0xC2844000
MSYS: DMEM request: [AESDMA_ENG1]:0x00001000
MSYS: DMEM request: [AESDMA_ENG1]:0x00001000 success, CPU phy:@0x22845000, virt:@0xC2845000
[ms_cpufreq_init] Current clk=799999872
[NOTICE]pwm-isr(53) success. If not i6e or i6b0, pls confirm it on .dtsi
NET: Registered protocol family 17
ThumbEE CPU extension supported.
Please set rtc timer (hwclock -w)
ms_rtcpwc 1f006800.rtcpwc: setting system clock to 1970-01-01 00:00:00 UTC (0)
OF: fdt:not creating '/sys/firmware/fdt': CRC check failed
VFS: Mounted root (squashfs filesystem) readonly on device 31:2.
devtmpfs: mounted
This architecture does not have kernel memory protection.
random: linuxrc: uninitialized urandom read (4 bytes read)
random: rcS: uninitialized urandom read (4 bytes read)
random: mount: uninitialized urandom read (4 bytes read)
random: mount: uninitialized urandom read (4 bytes read)
random: busybox: uninitialized urandom read (4 bytes read)
random: cat: uninitialized urandom read (4 bytes read)
SSC009A-S01A
random: mount: uninitialized urandom read (4 bytes read)
random: mkdir: uninitialized urandom read (4 bytes read)
random: mkdir: uninitialized urandom read (4 bytes read)
random: mount: uninitialized urandom read (4 bytes read)
mount: can't find devpts in /etc/fstab
umount: can't unmount /mnt/usb: Invalid argument
rmmod: can't unload 'mhal': unknown symbol in module, or unknown parameter
rmmod: can't unload 'mi_common': unknown symbol in module, or unknown parameter
rmmod: can't unload 'mi_sys': unknown symbol in module, or unknown parameter
rmmod: can't unload 'mi_ai': unknown symbol in module, or unknown parameter
rmmod: can't unload 'mi_ao': unknown symbol in module, or unknown parameter
rmmod: can't unload 'mi_rgn': unknown symbol in module, or unknown parameter
rmmod: can't unload 'mi_divp': unknown symbol in module, or unknown parameter
rmmod: can't unload 'mi_ipu': unknown symbol in module, or unknown parameter
rmmod: can't unload 'mi_vpe': unknown symbol in module, or unknown parameter
rmmod: can't unload 'mi_sensor': unknown symbol in module, or unknown parameter
rmmod: can't unload 'mi_vif': unknown symbol in module, or unknown parameter
rmmod: can't unload 'mi_venc': unknown symbol in module, or unknown parameter
rmmod: can't unload 'mi_shadow': unknown symbol in module, or unknown parameter
rmmod: can't unload 'imx307_MIPI': unknown symbol in module, or unknown parameter
mhal: loading out-of-tree module taints kernel.
mhal: module license 'PROPRIETARY' taints kernel.
Disabling lock debugging due to kernel taint
mhal driver init
[CSI] probe
Request CSI IRQ[0]#32
CSI interrupt registered
vif driver probe
Create device file. vif_ints,0
venc_probe:859 venc driver is probed.
jpe driver probed
[DRV_SCL_MODULE] [_DrvSclVpeModuleInit @ 140]
[Isp_Driver_Init]
[s32CurClkIdx] = 5
[ISP] Request IRQ: 31, 57
[IspMid_Driver_Init]
ispsclttl:0
DivpProcInit 526
[emac_phy_link_adjust] EMAC Link Up
module [sys] init
MI_SYSCFG_SetupMmapLoader default_config_path:/config/config_tool, argv1:/config/load_mmap,argv2:/config/mmap.ini
Function = init_glob_miu_kranges, Line = 654, Insert KProtect for LX @ MIU: 0
Function = init_glob_miu_kranges, Line = 663, [INIT] for LX0 kprotect: from 0x20000000 to 0x23FE0000, using block 0
function:parese_Cmdline,pCmd_Section:0x3fe0000
mm
a_
he
ap
_n
am
e0
    miu=0,sz=152c000  reserved_start=22ab4000
r_front->miuBlockIndex:0,r_front->start_cpu_bus_pa:0x20000000,r_front->start_cpu_bus_pa+r_front->length:0x22ab4000
mi_sys_mma_allocator_create success, heap_base_addr=22ab4000 length=152c000
Kernel CONFIG_HZ = 100
Sigmastar Module version: project_commit.e54754f sdk_commit.a45f135 build_time.20200319174625
mknod: /dev/mi_sys: File exists
module [ai] init
mknod: /dev/mi_ai: File exists
module [ao] init
mknod: /dev/mi_ao: File exists
module [rgn] init
mknod: /dev/mi_rgn: File exists
module [divp] init
mknod: /dev/mi_divp: File exists
insmod: can't insert '/config/modules/4.9.84/mi_ipu.ko': No such file or directory
module [vpe] init
mknod: /dev/mi_vpe: File exists
module [sensor] init
mknod: /dev/mi_sensor: File exists
module [vif] init
mknod: /dev/mi_vif: File exists
module [venc] init Apr 15 2020 15:09:14
mknod: /dev/mi_venc: File exists
module [shadow] init
mknod: /dev/mi_shadow: File exists
exFAT: file-system version 2.2.0-3arter97
net.core.somaxconn = 1024
net.core.rmem_default = 163840
net.core.rmem_max = 163840
net.core.wmem_default = 524288
net.core.wmem_max = 1048576
net.ipv4.tcp_mem = 924  1232  1848
net.ipv4.tcp_rmem = 4096  87380  325120
net.ipv4.tcp_wmem = 4096  131072  393216
net.ipv4.tcp_tw_reuse = 1
net.ipv4.tcp_fin_timeout = 30

(none) login: 7329 procman [main:1610] detected sensor type is 407

client [475] connected, module:sys
Get random encript data.
00 e5 d0 b4 67 b7 76 9f 4e 55 4c 4c 00 00 ff ff
procman SN: 00E5D0B467B7769F
7389 procman [redirect_print:1416] procman enable console

/opt/ch/unicode_16x16.font: font count: 6915
                      #             #    #                                                                              #  #      #         #
                       #            #    #                                                                              #   #      #  ########
                  ############      #    #        ####  ######    ####     #    ##   ## ####### ######     #            #          #  #     #
                  #          #     # #########     ##    ##  ##  ##  ##   ###   ### ###  ##  ##  ##  ##   ###     ############        #  #  #
                 #    #     #      #     #         ##    ##  ## ##    #  ## ##  #######  ##   #  ##  ##  ## ##    #     #       #######  #  #
 ######  ######       #           ##     #   #     ##    ##  ## ##      ##   ## #######  ## #    ##  ## ##   ##   #######           # #  #  #    ######  ######
                      #      #   # ############    ##    #####  ##      ##   ## ## # ##  ####    #####  ##   ##   #  #  #    #     #  #  #  #
                ############### #  #     #         ##    ##     ##      ####### ##   ##  ## #    ## ##  #######   #  #   #   #    ##  #  #  #
 ######  ######      #    #        #     #         ##    ##     ##      ##   ## ##   ##  ##      ##  ## ##   ##   ########  #    # ## #  #  #    ######  ######
                    #     #        #     #         ##    ##     ##    # ##   ## ##   ##  ##   #  ##  ## ##   ##   # #  # #  #   #  # ##  ## #
            random: fast init done
       ##    #         # #########     ##    ##      ##  ## ##   ## ##   ##  ##  ##  ##  ## ##   ##   ##   #  ##       #  # # # #
                     ##  #         #     #        ####  ####      ####  ##   ## ##   ## ####### ###  ## ##   ##   # # #   #        #    # #
                       ##          #     #                                                                        #  #   ##        #   #  #   #
                      #  #         #     #   #                                                                   #  # # #  #  #    #   #  #   #
                    ##    ##       ############                                                                 #  #   #    # #    #  #    ####
                  ##       #       #                                                                                  #      ##    # #
7618 procman [redirect_print:1448] procman disable console

procman (475): /proc/505/oom_adj is deprecated, please use /proc/505/oom_score_adj instead.
updating oom_score_adj for 475 (procman) from 0 to -1000 because it shares mm with 505 (procman). Report if this is unexpected.
[ss_gpi_intc_domain_alloc] hw:26 -> v:61
[ss_gpi_intc_domain_alloc] hw:27 -> v:62
[ss_gpi_intc_domain_alloc] hw:29 -> v:64
[MS_PM_INTC] hw:4 -> v:65
[ss_gpi_intc_domain_alloc] hw:69 -> v:66
Connect IMX307_HDR_init_driver linear to sensor pad 0
CamOsMutexInit already inited, LR:0xBF82641B
Connect IMX307_HDR_init_driver SEF to vif sensor pad 0
CamOsMutexInit already inited, LR:0xBF82641B
Connect IMX307_HDR_init_driver LEF to sensor pad 0
client [505] connected, module:sys
updating oom_score_adj for 475 (procman) from -1000 to 0 because it shares mm with 580 (procman). Report if this is unexpected.
client [584] connected, module:sys
updating oom_score_adj for 475 (procman) from 0 to -1000 because it shares mm with 595 (procman). Report if this is unexpected.
client [603] connected, module:sys
updating oom_score_adj for 475 (procman) from -1000 to 0 because it shares mm with 708 (procman). Report if this is unexpected.
client [708] connected, module:sys
[MI WRN ]: _MI_SYS_IMPL_GetOutputPortInfo[2810]: not found [eModId 7,u32DevId 0, chnID=0, outputPortId=2]
[MI WRN ]: _MI_SYS_IMPL_GetOutputPortInfo[2810]: not found [eModId 12,u32DevId 0, chnID=1, outputPortId=0]

[MI WRN ]: _MI_SYS_IMPL_GetOutputPortInfo[2810]: not found [eModId 12,u32DevId 0, chnID=0, outputPortId=0]
[MI WRN ]: _MI_SYS_IMPL_GetOutputPortInfo[2810]: not found [eModId 4,u32DevId 0, chnID=0, outputPortId=0]

client [584] connected, module:sensor
client [584] connected, module:vif
vif channel 0, workmode 3, dataprec 2, FBCmode 0
client [584] connected, module:rgn
client [584] connected, module:vpe
chipidx 4
[DRV_SCL_MODULE] [DrvSclModuleClkInit @ 314] Use Default Clk [240000000]
CmdqProcInit 674
[CMDQ0] Virtual IRQ: 30
CmdQ Free ID = 0, IspLocalCmdQHnd = 0xbf8f6e08
CamOsMutexInit already inited, LR:0xBF836481
CameraIsp_EnableChannel3A, ch:0 data:  (null)
CameraIsp_EnableCus3A AE=1, AWB=0, AF=0
CameraIsp_EnableChannel3A, ch:0 data:  (null)
CameraIsp_EnableCus3A AE=1, AWB=1, AF=0
client [584] connected, module:divp
DIP Device ID [0] has already init.
[DIP] Virtual IRQ: 36

client [584] connected, module:venc
Create mi DEV0
Create mi DEV0
[MI WRN ]: _MI_VENC_CreateMiDevice[6870]: mi device:0 has been inited
Create mi DEV1
Create mhal DEV0.
[ven-m][wrap] fw_path /config/venc_fw/chagall.bin
[CMDQ1] Virtual IRQ: 30
ChData Size = 99168

===== [MhalCameraOpen] begin ===== VifMask : 3
Ch= 0, SNR ID: 0, VifCh = 0, PreOpen = 0
3DNR = 2, Rotation = 0, AckTie : 0
Crop: (0, 0, 1920, 1080)
PixelFmt: 2, BayerID: 0, YuvOrder: 0
Mode: 0, HdrType: 0
In (w, h) = (1920, 1080), Crop (1920, 1080), ROT = 0
[ISP_STATIS]Sz=0x27a80 , Vir=0xc34c0000, Miu=0x2b35000, C=1 ==
ISP Mload base remap: 0xFD000000

Mload mload_handle Size = 104

Mload MLOAD_IQ_MEM Size = 304

~$[Mload]SIZE_OF_MLOAD_LAYOUT=11456
[CameraReadIqData] isp root is /config/iqfile
[ISP_WDR]Sz=0x800 , Vir=0xc355e000, Miu=0x2b60000, C=1 ==
[DNR_INFO1]Sz=0x21c00 , Vir=0xc3580000, Miu=0x2b61000, C=0 ==
[DNR_INFO0]Sz=0x32a000 , Vir=0xc3800000, Miu=0x2b83000, C=0 ==
[ISP_CMDQ]Sz=0xe000 , Vir=0xc3560000, Miu=0x2ead000, C=1 ==
Create mhal DEV1.
[ven-w][wrap] venc MMA callback function duplicate registration Force OverWrite!!
Create mhal DEV2.
client [584] connected, module:ao
[_MI_AO_Init:1228] Init Ao Gain.
IRCUT control too fast from last time, modify timer
[CMDQ2] Virtual IRQ: 30
client [584] connected, module:ai
[_MI_AI_Init:3098] Init Ai Gain.
[_MI_AI_IMPL_AllocTmpBuffer:3542] tmp buffer addr[c35e2000].
[IQ_API20_SET_DUMMY_EX] Dummy0[0~5] = IQ_YEE_SCALE_SFT_X
[IQ_API20_SET_DUMMY_EX] Dummy1[0~2] = IQ_NR3D_STICKY_SOLVER_EN, IQ_NR3D_STICKY_SOLVER_TH, IQ_NR3D_STICKY_SOLVER_EN_TH
[IQ_API20_SET_DUMMY_EX] Dummy3 = IQ_NR3D_HIST_MOT_MAP_SW
[IQ_API20_SET_DUMMY_EX] Dummy4 = ALSC table mirror/flip/rotate
[IQ_API20_SET_DUMMY_EX] Dummy0[0~5] = IQ_YEE_SCALE_SFT_X
[IQ_API20_SET_DUMMY_EX] Dummy1[0~2] = IQ_NR3D_STICKY_SOLVER_EN, IQ_NR3D_STICKY_SOLVER_TH, IQ_NR3D_STICKY_SOLVER_EN_TH
[IQ_API20_SET_DUMMY_EX] Dummy3 = IQ_NR3D_HIST_MOT_MAP_SW
[IQ_API20_SET_DUMMY_EX] Dummy4 = ALSC table mirror/flip/rotate
[IQ_API20_SET_DUMMY] Dummy0[0~3] = AE acc controls 3DNR MdTh and MdGain.
[IQ_API20_SET_DUMMY] Dummy0[0] = AEDiff_Th. If max of AE acc difference smaller than the value, MdTh and MdGain would be adjusted by the following ratio.
[IQ_API20_SET_DUMMY] Dummy0[1] = MdTh_Ratio.
[IQ_API20_SET_DUMMY] Dummy0[2] = MdGain_Ratio.
[IQ_API20_SET_DUMMY] Dummy0[3] = Log_En.
[IQ_API20_SET_DUMMY] Dummy1[0] = IQ_BNR_WEI_X
[IQ_API20_SET_DUMMY] Dummy1[1~32] = IQ_BNR_WEI_Y
[IQ_API20_SET_DUMMY] Dummy2[0~15] = IQ_YEE_DTL_OFFSET
[IQ_API20_SET_DUMMY_EX] Dummy0[0~5] = IQ_YEE_SCALE_SFT_X
[IQ_API20_SET_DUMMY_EX] Dummy1[0~2] = IQ_NR3D_STICKY_SOLVER_EN, IQ_NR3D_STICKY_SOLVER_TH, IQ_NR3D_STICKY_SOLVER_EN_TH
[IQ_API20_SET_DUMMY_EX] Dummy3 = IQ_NR3D_HIST_MOT_MAP_SW
[IQ_API20_SET_DUMMY_EX] Dummy4 = ALSC table mirror/flip/rotate
IRCUT close
reg=0x1F003410 clk=12000000, period=0x257
reg=0x1F003408 clk=12000000, u32Duty=0x0
reg=0x1F003410 clk=12000000, period=0x257
reg=0x1F003408 clk=12000000, u32Duty=0x257
reg=0x1F003410 clk=12000000, period=0x257
reg=0x1F003408 clk=12000000, u32Duty=0x0
reg=0x1F003490 clk=12000000, period=0x257
reg=0x1F003488 clk=12000000, u32Duty=0x0
reg=0x1F003490 clk=12000000, period=0x257
reg=0x1F003488 clk=12000000, u32Duty=0x5
reg=0x1F003490 clk=12000000, period=0x257
reg=0x1F003488 clk=12000000, u32Duty=0x0
updating oom_score_adj for 475 (procman) from 0 to -1000 because it shares mm with 791 (procman). Report if this is unexpected.
client [814] connected, module:sys
[IQ_API20_SET_DUMMY_EX] Dummy0[0~5] = IQ_YEE_SCALE_SFT_X
[IQ_API20_SET_DUMMY_EX] Dummy1[0~2] = IQ_NR3D_STICKY_SOLVER_EN, IQ_NR3D_STICKY_SOLVER_TH, IQ_NR3D_STICKY_SOLVER_EN_TH
[IQ_API20_SET_DUMMY_EX] Dummy3 = IQ_NR3D_HIST_MOT_MAP_SW
[IQ_API20_SET_DUMMY_EX] Dummy4 = ALSC table mirror/flip/rotate
[IQ_API20_SET_DUMMY_EX] Dummy0[0~5] = IQ_YEE_SCALE_SFT_X
[IQ_API20_SET_DUMMY_EX] Dummy1[0~2] = IQ_NR3D_STICKY_SOLVER_EN, IQ_NR3D_STICKY_SOLVER_TH, IQ_NR3D_STICKY_SOLVER_EN_TH
[IQ_API20_SET_DUMMY_EX] Dummy3 = IQ_NR3D_HIST_MOT_MAP_SW
[IQ_API20_SET_DUMMY_EX] Dummy4 = ALSC table mirror/flip/rotate
[IQ_API20_SET_DUMMY] Dummy0[0~3] = AE acc controls 3DNR MdTh and MdGain.
[IQ_API20_SET_DUMMY] Dummy0[0] = AEDiff_Th. If max of AE acc difference smaller than the value, MdTh and MdGain would be adjusted by the following ratio.
[IQ_API20_SET_DUMMY] Dummy0[1] = MdTh_Ratio.
[IQ_API20_SET_DUMMY] Dummy0[2] = MdGain_Ratio.
[IQ_API20_SET_DUMMY] Dummy0[3] = Log_En.
[IQ_API20_SET_DUMMY] Dummy1[0] = IQ_BNR_WEI_X
[IQ_API20_SET_DUMMY] Dummy1[1~32] = IQ_BNR_WEI_Y
[IQ_API20_SET_DUMMY] Dummy2[0~15] = IQ_YEE_DTL_OFFSET
[IQ_API20_SET_DUMMY_EX] Dummy0[0~5] = IQ_YEE_SCALE_SFT_X
[IQ_API20_SET_DUMMY_EX] Dummy1[0~2] = IQ_NR3D_STICKY_SOLVER_EN, IQ_NR3D_STICKY_SOLVER_TH, IQ_NR3D_STICKY_SOLVER_EN_TH
[IQ_API20_SET_DUMMY_EX] Dummy3 = IQ_NR3D_HIST_MOT_MAP_SW
[IQ_API20_SET_DUMMY_EX] Dummy4 = ALSC table mirror/flip/rotate
[IQ_API20_SET_DUMMY_EX] Dummy0[0~5] = IQ_YEE_SCALE_SFT_X
[IQ_API20_SET_DUMMY_EX] Dummy1[0~2] = IQ_NR3D_STICKY_SOLVER_EN, IQ_NR3D_STICKY_SOLVER_TH, IQ_NR3D_STICKY_SOLVER_EN_TH
[IQ_API20_SET_DUMMY_EX] Dummy3 = IQ_NR3D_HIST_MOT_MAP_SW
[IQ_API20_SET_DUMMY_EX] Dummy4 = ALSC table mirror/flip/rotate
random: crng init done
client [791] connected, module:sys
[MDev_EMAC_ndo_change_mtu][3390] change mtu size from 1500 to 1480
